###############################################################################
#                                                                             #
# IAR ELF Linker V6.30.6.53336/W32 for ARM              25/Jun/2014  14:55:11 #
# Copyright 2007-2012 IAR Systems AB.                                         #
#                                                                             #
#    Output file  =  D:\zWk.Src\Mango-M32-MPU-9150\m32_Sensor_mpu9150_9Axis\p #
#                    roject\Debug\Exe\Project.out                             #
#    Map file     =  D:\zWk.Src\Mango-M32-MPU-9150\m32_Sensor_mpu9150_9Axis\p #
#                    roject\Debug\List\Project.map                            #
#    Command line =  D:\zWk.Src\Mango-M32-MPU-9150\m32_Sensor_mpu9150_9Axis\p #
#                    roject\Debug\Obj\I2CRoutines.o                           #
#                    D:\zWk.Src\Mango-M32-MPU-9150\m32_Sensor_mpu9150_9Axis\p #
#                    roject\Debug\Obj\I2Cdev.o D:\zWk.Src\Mango-M32-MPU-9150\ #
#                    m32_Sensor_mpu9150_9Axis\project\Debug\Obj\MPU6050.o     #
#                    D:\zWk.Src\Mango-M32-MPU-9150\m32_Sensor_mpu9150_9Axis\p #
#                    roject\Debug\Obj\board_detect.o                          #
#                    D:\zWk.Src\Mango-M32-MPU-9150\m32_Sensor_mpu9150_9Axis\p #
#                    roject\Debug\Obj\debug.o D:\zWk.Src\Mango-M32-MPU-9150\m #
#                    32_Sensor_mpu9150_9Axis\project\Debug\Obj\hw_config.o    #
#                    D:\zWk.Src\Mango-M32-MPU-9150\m32_Sensor_mpu9150_9Axis\p #
#                    roject\Debug\Obj\key.o D:\zWk.Src\Mango-M32-MPU-9150\m32 #
#                    _Sensor_mpu9150_9Axis\project\Debug\Obj\led.o            #
#                    D:\zWk.Src\Mango-M32-MPU-9150\m32_Sensor_mpu9150_9Axis\p #
#                    roject\Debug\Obj\main.o D:\zWk.Src\Mango-M32-MPU-9150\m3 #
#                    2_Sensor_mpu9150_9Axis\project\Debug\Obj\misc.o          #
#                    D:\zWk.Src\Mango-M32-MPU-9150\m32_Sensor_mpu9150_9Axis\p #
#                    roject\Debug\Obj\seven_segment.o                         #
#                    D:\zWk.Src\Mango-M32-MPU-9150\m32_Sensor_mpu9150_9Axis\p #
#                    roject\Debug\Obj\startup_stm32f10x_md.o                  #
#                    D:\zWk.Src\Mango-M32-MPU-9150\m32_Sensor_mpu9150_9Axis\p #
#                    roject\Debug\Obj\stm32f10x_adc.o                         #
#                    D:\zWk.Src\Mango-M32-MPU-9150\m32_Sensor_mpu9150_9Axis\p #
#                    roject\Debug\Obj\stm32f10x_dma.o                         #
#                    D:\zWk.Src\Mango-M32-MPU-9150\m32_Sensor_mpu9150_9Axis\p #
#                    roject\Debug\Obj\stm32f10x_exti.o                        #
#                    D:\zWk.Src\Mango-M32-MPU-9150\m32_Sensor_mpu9150_9Axis\p #
#                    roject\Debug\Obj\stm32f10x_fsmc.o                        #
#                    D:\zWk.Src\Mango-M32-MPU-9150\m32_Sensor_mpu9150_9Axis\p #
#                    roject\Debug\Obj\stm32f10x_gpio.o                        #
#                    D:\zWk.Src\Mango-M32-MPU-9150\m32_Sensor_mpu9150_9Axis\p #
#                    roject\Debug\Obj\stm32f10x_i2c.o                         #
#                    D:\zWk.Src\Mango-M32-MPU-9150\m32_Sensor_mpu9150_9Axis\p #
#                    roject\Debug\Obj\stm32f10x_it.o                          #
#                    D:\zWk.Src\Mango-M32-MPU-9150\m32_Sensor_mpu9150_9Axis\p #
#                    roject\Debug\Obj\stm32f10x_pwr.o                         #
#                    D:\zWk.Src\Mango-M32-MPU-9150\m32_Sensor_mpu9150_9Axis\p #
#                    roject\Debug\Obj\stm32f10x_rcc.o                         #
#                    D:\zWk.Src\Mango-M32-MPU-9150\m32_Sensor_mpu9150_9Axis\p #
#                    roject\Debug\Obj\stm32f10x_spi.o                         #
#                    D:\zWk.Src\Mango-M32-MPU-9150\m32_Sensor_mpu9150_9Axis\p #
#                    roject\Debug\Obj\stm32f10x_tim.o                         #
#                    D:\zWk.Src\Mango-M32-MPU-9150\m32_Sensor_mpu9150_9Axis\p #
#                    roject\Debug\Obj\stm32f10x_usart.o                       #
#                    D:\zWk.Src\Mango-M32-MPU-9150\m32_Sensor_mpu9150_9Axis\p #
#                    roject\Debug\Obj\system_stm32f10x.o                      #
#                    D:\zWk.Src\Mango-M32-MPU-9150\m32_Sensor_mpu9150_9Axis\p #
#                    roject\Debug\Obj\test_sensor9axis.o                      #
#                    D:\zWk.Src\Mango-M32-MPU-9150\m32_Sensor_mpu9150_9Axis\p #
#                    roject\Debug\Obj\uart_queue.o                            #
#                    D:\zWk.Src\Mango-M32-MPU-9150\m32_Sensor_mpu9150_9Axis\p #
#                    roject\Debug\Obj\usb_core.o                              #
#                    D:\zWk.Src\Mango-M32-MPU-9150\m32_Sensor_mpu9150_9Axis\p #
#                    roject\Debug\Obj\usb_desc.o                              #
#                    D:\zWk.Src\Mango-M32-MPU-9150\m32_Sensor_mpu9150_9Axis\p #
#                    roject\Debug\Obj\usb_endp.o                              #
#                    D:\zWk.Src\Mango-M32-MPU-9150\m32_Sensor_mpu9150_9Axis\p #
#                    roject\Debug\Obj\usb_init.o                              #
#                    D:\zWk.Src\Mango-M32-MPU-9150\m32_Sensor_mpu9150_9Axis\p #
#                    roject\Debug\Obj\usb_int.o D:\zWk.Src\Mango-M32-MPU-9150 #
#                    \m32_Sensor_mpu9150_9Axis\project\Debug\Obj\usb_istr.o   #
#                    D:\zWk.Src\Mango-M32-MPU-9150\m32_Sensor_mpu9150_9Axis\p #
#                    roject\Debug\Obj\usb_mem.o D:\zWk.Src\Mango-M32-MPU-9150 #
#                    \m32_Sensor_mpu9150_9Axis\project\Debug\Obj\usb_prop.o   #
#                    D:\zWk.Src\Mango-M32-MPU-9150\m32_Sensor_mpu9150_9Axis\p #
#                    roject\Debug\Obj\usb_pwr.o D:\zWk.Src\Mango-M32-MPU-9150 #
#                    \m32_Sensor_mpu9150_9Axis\project\Debug\Obj\usb_regs.o   #
#                    D:\zWk.Src\Mango-M32-MPU-9150\m32_Sensor_mpu9150_9Axis\p #
#                    roject\Debug\Obj\usb_sil.o --redirect                    #
#                    _Printf=_PrintfFull --redirect _Scanf=_ScanfFull -o      #
#                    D:\zWk.Src\Mango-M32-MPU-9150\m32_Sensor_mpu9150_9Axis\p #
#                    roject\Debug\Exe\Project.out --map                       #
#                    D:\zWk.Src\Mango-M32-MPU-9150\m32_Sensor_mpu9150_9Axis\p #
#                    roject\Debug\List\Project.map --config                   #
#                    D:\zWk.Src\Mango-M32-MPU-9150\m32_Sensor_mpu9150_9Axis\p #
#                    roject\stm32f10x_flash.icf --semihosting --entry         #
#                    __iar_program_start --vfe                                #
#                                                                             #
#                                                                             #
###############################################################################

*******************************************************************************
*** RUNTIME MODEL ATTRIBUTES
***

CppFlavor                     = *
__CPP_Language                = EC++
__Heap_Handler                = DLMalloc
__SystemLibrary               = DLib
__dlib_dynamic_initialization = normal


*******************************************************************************
*** PLACEMENT SUMMARY
***

"A1":  place at 0x08000000 { ro section .intvec };
"P1":  place in [from 0x08000000 to 0x080fffff] { ro };
"P2":  place in [from 0x20000000 to 0x20017fff] { rw, block CSTACK, block HEAP };

  Section             Kind        Address    Size  Object
  -------             ----        -------    ----  ------
"A1":                                        0xec
  .intvec             ro code  0x08000000    0xec  startup_stm32f10x_md.o [1]
                             - 0x080000ec    0xec

"P1":                                      0x9f08
  .text               ro code  0x080000ec  0x1404  dlmalloc.o [3]
  .text               ro code  0x080014f0     0x6  abort.o [3]
  .text               ro code  0x080014f6    0x22  zero_init3.o [5]
  .text               ro code  0x08001518    0x28  xgetmemchunk.o [3]
  .text               ro code  0x08001540   0x114  xsyslock.o [3]
  .text               ro code  0x08001654    0x14  exit.o [6]
  .text               ro code  0x08001668     0x4  xmtx2.o [3]
  .text               ro code  0x0800166c     0x8  xmtx.o [3]
  .text               ro code  0x08001674  0x10aa  xprintffull.o [3]
  .text               ro code  0x0800271e    0x20  xmbtowc.o [3]
  .text               ro code  0x08002740    0x16  strchr.o [5]
  .text               ro code  0x08002758    0x36  strlen.o [5]
  .text               ro code  0x08002790    0x58  memchr.o [5]
  .text               ro code  0x080027e8     0xa  xmbcurmax.o [3]
  .text               ro code  0x080027f2    0x1a  xwctomb.o [3]
  .text               ro code  0x0800280c    0x76  ABImemcpy.o [5]
  .text               ro code  0x08002884    0xee  I64DivMod.o [5]
  .text               ro code  0x08002972    0x44  xdnorm.o [4]
  .text               ro code  0x080029b8    0x2e  DblCmpLe.o [4]
  .text               ro code  0x080029e8    0x2e  DblCmpGe.o [4]
  .text               ro code  0x08002a18   0x11a  xdscale.o [4]
  .text               ro code  0x08002b34    0x58  DblToI32.o [4]
  .text               ro code  0x08002b8c    0x30  I32ToDbl.o [4]
  .text               ro code  0x08002bbc   0x180  DblSub.o [4]
  .text               ro code  0x08002d3c   0x1a2  DblMul.o [4]
  .text               ro code  0x08002ee0   0x246  DblDiv.o [4]
  .text               ro code  0x08003128    0x6c  localeconv.o [3]
  .text               ro code  0x08003194     0xe  div.o [3]
  .text               ro code  0x080031a4    0x14  setlocale.o [3]
  .text               ro code  0x080031b8    0x5c  xencoding_sb.o [3]
  .text               ro code  0x08003214     0x2  I64DivZer.o [5]
  .text               ro code  0x08003218    0xe8  DblAdd.o [4]
  .text               ro code  0x08003300     0x2  xtls.o [3]
  .text               ro code  0x08003304   0xcae  usb_core.o [1]
  .text               ro code  0x08003fb4   0x2be  usb_regs.o [1]
  .text               ro code  0x08004272    0x6e  usb_mem.o [1]
  .text               ro code  0x080042e0   0x7c4  I2CRoutines.o [1]
  .text               ro code  0x08004aa4   0x62c  stm32f10x_dma.o [1]
  .text               ro code  0x080050d0   0x210  stm32f10x_i2c.o [1]
  .text               ro code  0x080052e0   0x470  stm32f10x_rcc.o [1]
  .text               ro code  0x08005750   0x594  stm32f10x_gpio.o [1]
  .text               ro code  0x08005ce4    0x40  debug.o [1]
  .text               ro code  0x08005d24    0x24  printf.o [3]
  .text               ro code  0x08005d48   0x6f4  stm32f10x_usart.o [1]
  .text               ro code  0x0800643c   0x5a4  stm32f10x_adc.o [1]
  .text               ro code  0x080069e0   0x4f8  hw_config.o [1]
  .text               ro code  0x08006ed8   0x158  system_stm32f10x.o [1]
  .text               ro code  0x08007030   0x128  misc.o [1]
  .text               ro code  0x08007158    0x70  stm32f10x_pwr.o [1]
  .text               ro code  0x080071c8   0x1c0  stm32f10x_exti.o [1]
  .text               ro code  0x08007388   0x4d6  stm32f10x_it.o [1]
  .text               ro code  0x08007860    0xec  usb_istr.o [1]
  .text               ro code  0x0800794c    0x80  uart_queue.o [1]
  .text               ro code  0x080079cc   0x250  usb_int.o [1]
  .text               ro code  0x08007c1c   0x148  usb_pwr.o [1]
  .text               ro code  0x08007d64   0x2a0  main.o [1]
  .text               ro code  0x08008004    0x40  usb_init.o [1]
  .text               ro code  0x08008044    0xf6  led.o [1]
  .text               ro code  0x0800813c   0x168  seven_segment.o [1]
  .text               ro code  0x080082a4    0xf8  key.o [1]
  .text               ro code  0x0800839c   0x218  board_detect.o [1]
  .text               ro code  0x080085b4   0x29c  test_sensor9axis.o [1]
  .text               ro code  0x08008850    0x90  DblToFlt.o [4]
  .text               ro code  0x080088e0    0x4e  FltToDbl.o [4]
  .text               ro code  0x08008930    0xfc  FltDiv.o [4]
  .text               ro code  0x08008a2c    0x24  FltCmpLe.o [4]
  .text               ro code  0x08008a50   0x1a8  MPU6050.o [1]
  .text               ro code  0x08008bf8    0x16  test_sensor9axis.o [1]
  .text               ro code  0x08008c0e   0x1b8  I2Cdev.o [1]
  .text               ro code  0x08008dc8   0x270  usb_prop.o [1]
  .text               ro code  0x08009038    0x54  usb_sil.o [1]
  .rodata             const    0x0800908c    0xa4  usb_desc.o [1]
  .text               ro code  0x08009130    0xa0  packbits_init3.o [5]
  .text               ro code  0x080091d0    0x94  usb_endp.o [1]
  .rodata             const    0x08009264    0x74  stm32f10x_exti.o [1]
  .rodata             const    0x080092d8    0x74  stm32f10x_gpio.o [1]
  .rodata             const    0x0800934c    0x74  stm32f10x_usart.o [1]
  .rodata             const    0x080093c0    0x70  stm32f10x_adc.o [1]
  .rodata             const    0x08009430    0x70  stm32f10x_dma.o [1]
  .rodata             const    0x080094a0    0x70  stm32f10x_i2c.o [1]
  .rodata             const    0x08009510    0x70  stm32f10x_pwr.o [1]
  .rodata             const    0x08009580    0x70  stm32f10x_rcc.o [1]
  .rodata             const    0x080095f0    0x68  misc.o [1]
  .rodata             const    0x08009658    0x48  test_sensor9axis.o [1]
  .rodata             const    0x080096a0    0x30  debug.o [1]
  .rodata             const    0x080096d0    0x2c  test_sensor9axis.o [1]
  .rodata             const    0x080096fc    0x2c  usb_desc.o [1]
  .text               ro code  0x08009728    0x2c  data_init3.o [5]
  .rodata             const    0x08009754    0x28  usb_desc.o [1]
  .rodata             const    0x0800977c    0x24  board_detect.o [1]
  .rodata             const    0x080097a0    0x24  main.o [1]
  .iar.init_table     const    0x080097c4    0x30  - Linker created -
  .rodata             const    0x080097f4    0x20  board_detect.o [1]
  .rodata             const    0x08009814    0x20  board_detect.o [1]
  .rodata             const    0x08009834    0x20  main.o [1]
  .rodata             const    0x08009854    0x20  main.o [1]
  .rodata             const    0x08009874    0x20  main.o [1]
  .rodata             const    0x08009894    0x20  main.o [1]
  .rodata             const    0x080098b4    0x20  usb_desc.o [1]
  .text               ro code  0x080098d4    0x20  cmain_call_ctors.o [5]
  .text               ro code  0x080098f4    0x18  cppinit.o [3]
  .rodata             const    0x0800990c    0x1c  main.o [1]
  .rodata             const    0x08009928    0x1c  stm32f10x_it.o [1]
  .rodata             const    0x08009944    0x1c  test_sensor9axis.o [1]
  .rodata             const    0x08009960    0x1c  test_sensor9axis.o [1]
  .rodata             const    0x0800997c    0x18  board_detect.o [1]
  .rodata             const    0x08009994    0x18  board_detect.o [1]
  .rodata             const    0x080099ac    0x18  main.o [1]
  .rodata             const    0x080099c4    0x18  main.o [1]
  .rodata             const    0x080099dc    0x18  main.o [1]
  .rodata             const    0x080099f4    0x18  main.o [1]
  .rodata             const    0x08009a0c    0x18  main.o [1]
  .rodata             const    0x08009a24    0x18  main.o [1]
  .rodata             const    0x08009a3c    0x18  main.o [1]
  .rodata             const    0x08009a54    0x18  main.o [1]
  .rodata             const    0x08009a6c    0x18  main.o [1]
  .rodata             const    0x08009a84    0x18  main.o [1]
  .rodata             const    0x08009a9c    0x18  main.o [1]
  .rodata             const    0x08009ab4    0x18  main.o [1]
  .rodata             const    0x08009acc    0x18  main.o [1]
  .rodata             const    0x08009ae4    0x18  stm32f10x_it.o [1]
  .rodata             const    0x08009afc    0x18  test_sensor9axis.o [1]
  .rodata             const    0x08009b14    0x18  test_sensor9axis.o [1]
  .rodata             const    0x08009b2c    0x18  test_sensor9axis.o [1]
  .rodata             const    0x08009b44    0x18  test_sensor9axis.o [1]
  .text               ro code  0x08009b5c    0x16  cmain.o [5]
  .text               ro code  0x08009b72     0x4  low_level_init.o [3]
  .text               ro code  0x08009b76     0x4  exit.o [3]
  .text               ro code  0x08009b7c     0xe  cexit.o [5]
  .text               ro code  0x08009b8a    0x16  xprout.o [3]
  .text               ro code  0x08009ba0     0xc  putchar.o [3]
  .rodata             const    0x08009bac    0x14  board_detect.o [1]
  .rodata             const    0x08009bc0    0x14  board_detect.o [1]
  .rodata             const    0x08009bd4    0x14  board_detect.o [1]
  .rodata             const    0x08009be8    0x14  debug.o [1]
  .rodata             const    0x08009bfc    0x14  main.o [1]
  .rodata             const    0x08009c10    0x14  main.o [1]
  .rodata             const    0x08009c24    0x14  main.o [1]
  .rodata             const    0x08009c38    0x14  seven_segment.o [1]
  .rodata             const    0x08009c4c    0x14  test_sensor9axis.o [1]
  .rodata             const    0x08009c60    0x14  test_sensor9axis.o [1]
  .rodata             const    0x08009c74    0x14  test_sensor9axis.o [1]
  .rodata             const    0x08009c88    0x14  test_sensor9axis.o [1]
  .rodata             const    0x08009c9c    0x14  usb_desc.o [1]
  .rodata             const    0x08009cb0    0x14  usb_endp.o [1]
  .rodata             const    0x08009cc4    0x10  main.o [1]
  .rodata             const    0x08009cd4    0x10  main.o [1]
  .rodata             const    0x08009ce4    0x10  main.o [1]
  .rodata             const    0x08009cf4    0x10  test_sensor9axis.o [1]
  .rodata             const    0x08009d04    0x10  usb_endp.o [1]
  .text               ro code  0x08009d14    0x10  startup_stm32f10x_md.o [1]
  .rodata             const    0x08009d24     0xc  main.o [1]
  .rodata             const    0x08009d30     0xc  main.o [1]
  .rodata             const    0x08009d3c     0xc  main.o [1]
  .rodata             const    0x08009d48     0xc  test_sensor9axis.o [1]
  .text               ro code  0x08009d54     0xc  cstartup_M.o [5]
  .rodata             const    0x08009d60     0x8  board_detect.o [1]
  .rodata             const    0x08009d68     0x8  board_detect.o [1]
  .rodata             const    0x08009d70     0x8  debug.o [1]
  .rodata             const    0x08009d78     0x4  usb_desc.o [1]
  .text               ro code  0x08009d7c     0x4  startup_stm32f10x_md.o [1]
  .text               ro code  0x08009d80     0x4  startup_stm32f10x_md.o [1]
  .text               ro code  0x08009d84     0x4  startup_stm32f10x_md.o [1]
  .text               ro code  0x08009d88     0x4  startup_stm32f10x_md.o [1]
  .text               ro code  0x08009d8c     0x4  startup_stm32f10x_md.o [1]
  .text               ro code  0x08009d90     0x4  startup_stm32f10x_md.o [1]
  .text               ro code  0x08009d94     0x4  startup_stm32f10x_md.o [1]
  .text               ro code  0x08009d98     0x4  startup_stm32f10x_md.o [1]
  .text               ro code  0x08009d9c     0x4  startup_stm32f10x_md.o [1]
  .text               ro code  0x08009da0     0x4  startup_stm32f10x_md.o [1]
  .text               ro code  0x08009da4     0x4  startup_stm32f10x_md.o [1]
  .text               ro code  0x08009da8     0x4  startup_stm32f10x_md.o [1]
  .text               ro code  0x08009dac     0x4  startup_stm32f10x_md.o [1]
  .text               ro code  0x08009db0     0x4  startup_stm32f10x_md.o [1]
  .text               ro code  0x08009db4     0x4  startup_stm32f10x_md.o [1]
  .text               ro code  0x08009db8     0x4  startup_stm32f10x_md.o [1]
  .text               ro code  0x08009dbc     0x4  startup_stm32f10x_md.o [1]
  .text               ro code  0x08009dc0     0x4  startup_stm32f10x_md.o [1]
  .text               ro code  0x08009dc4     0x4  startup_stm32f10x_md.o [1]
  .text               ro code  0x08009dc8     0x4  startup_stm32f10x_md.o [1]
  .text               ro code  0x08009dcc     0x4  startup_stm32f10x_md.o [1]
  .text               ro code  0x08009dd0     0x4  startup_stm32f10x_md.o [1]
  .text               ro code  0x08009dd4     0x4  startup_stm32f10x_md.o [1]
  .text               ro code  0x08009dd8     0x4  startup_stm32f10x_md.o [1]
  .text               ro code  0x08009ddc     0x4  startup_stm32f10x_md.o [1]
  .text               ro code  0x08009de0     0x4  startup_stm32f10x_md.o [1]
  .text               ro code  0x08009de4     0x4  startup_stm32f10x_md.o [1]
  .text               ro code  0x08009de8     0x4  startup_stm32f10x_md.o [1]
  .text               ro code  0x08009dec     0x4  startup_stm32f10x_md.o [1]
  .text               ro code  0x08009df0     0x4  startup_stm32f10x_md.o [1]
  .text               ro code  0x08009df4     0x4  startup_stm32f10x_md.o [1]
  .text               ro code  0x08009df8     0x4  startup_stm32f10x_md.o [1]
  .text               ro code  0x08009dfc     0x4  startup_stm32f10x_md.o [1]
  .text               ro code  0x08009e00     0x4  startup_stm32f10x_md.o [1]
  .text               ro code  0x08009e04     0x4  startup_stm32f10x_md.o [1]
  .text               ro code  0x08009e08     0x4  startup_stm32f10x_md.o [1]
  .text               ro code  0x08009e0c     0x4  startup_stm32f10x_md.o [1]
  .text               ro code  0x08009e10     0x4  startup_stm32f10x_md.o [1]
  .text               ro code  0x08009e14     0x4  startup_stm32f10x_md.o [1]
  .text               ro code  0x08009e18     0x4  startup_stm32f10x_md.o [1]
  .text               ro code  0x08009e1c     0x4  startup_stm32f10x_md.o [1]
  .text               ro code  0x08009e20     0x4  startup_stm32f10x_md.o [1]
  .text               ro code  0x08009e24     0x4  startup_stm32f10x_md.o [1]
  .text               ro code  0x08009e28     0x4  startup_stm32f10x_md.o [1]
  .text               ro code  0x08009e2c     0x4  startup_stm32f10x_md.o [1]
  .text               ro code  0x08009e30     0x4  startup_stm32f10x_md.o [1]
  .text               ro code  0x08009e34     0x4  startup_stm32f10x_md.o [1]
  .text               ro code  0x08009e38     0x4  startup_stm32f10x_md.o [1]
  .text               ro code  0x08009e3c     0x4  startup_stm32f10x_md.o [1]
  .text               ro code  0x08009e40     0x4  startup_stm32f10x_md.o [1]
  .text               ro code  0x08009e44     0x4  startup_stm32f10x_md.o [1]
  .text               ro code  0x08009e48     0x4  startup_stm32f10x_md.o [1]
  SHT$$PREINIT_ARRAY           0x08009e4c     0x0  <Block>
  SHT$$INIT_ARRAY              0x08009e4c     0x4  <Block>
    .init_array       const    0x08009e4c     0x4  test_sensor9axis.o [1]
  .text               ro code  0x08009e50     0x0  cstart_clearlocks.o [5]
  .rodata             const    0x08009e50     0x0  bwt_init3c.o [5]
  Initializer bytes   ro data  0x08009e50   0x1a1  <for P2 s0>
                             - 0x08009ff1  0x9f05

"P2", part 1 of 3:                          0x210
  P2 s0                        0x20000000   0x20f  <Init block>
    .data             inited   0x20000000    0x7c  board_detect.o [1]
    __DLIB_PERTHREAD  inited   0x2000007c    0x50  localeconv.o [3]
    .data             inited   0x200000cc    0x40  xfiles.o [3]
    .data             inited   0x2000010c    0x30  usb_prop.o [1]
    .data             inited   0x2000013c    0x24  usb_prop.o [1]
    .data             inited   0x20000160    0x20  usb_prop.o [1]
    .data             inited   0x20000180    0x1c  usb_desc.o [1]
    .data             inited   0x2000019c    0x1c  usb_istr.o [1]
    .data             inited   0x200001b8    0x1c  usb_istr.o [1]
    .data             inited   0x200001d4    0x10  stm32f10x_rcc.o [1]
    .data             inited   0x200001e4     0x8  usb_prop.o [1]
    .data             inited   0x200001ec     0x8  usb_prop.o [1]
    .data             inited   0x200001f4     0x8  usb_prop.o [1]
    .data             inited   0x200001fc     0x8  usb_prop.o [1]
    .data             inited   0x20000204     0x4  stm32f10x_rcc.o [1]
    .data             inited   0x20000208     0x4  usb_prop.o [1]
    .data             inited   0x2000020c     0x1  main.o [1]
    .data             inited   0x2000020d     0x1  test_sensor9axis.o [1]
    .data             inited   0x2000020e     0x1  usb_pwr.o [1]
                             - 0x2000020f   0x20f

"P2", part 2 of 3:                         0x1218
  .bss                zero     0x20000210   0x4e8  I2CRoutines.o [1]
  .bss                zero     0x200006f8   0x4e8  I2CRoutines.o [1]
  .bss                zero     0x20000be0   0x1d4  dlmalloc.o [3]
  .bss                zero     0x20000db4   0x190  uart_queue.o [1]
  .bss                zero     0x20000f44   0x190  uart_queue.o [1]
  .bss                zero     0x200010d4   0x174  board_detect.o [1]
  __DLIB_PERTHREAD    zero     0x20001248    0x74  setlocale.o [3]
  .bss                zero     0x200012bc    0x50  xfiles.o [3]
  .bss                zero     0x2000130c    0x38  xsyslock.o [3]
  .bss                zero     0x20001344    0x2c  I2CRoutines.o [1]
  .bss                zero     0x20001370    0x1c  usb_init.o [1]
  .bss                zero     0x2000138c    0x18  dlmalloc.o [3]
  .bss                zero     0x200013a4    0x14  main.o [1]
  .bss                zero     0x200013b8    0x10  test_sensor9axis.o [1]
  .bss                zero     0x200013c8     0x4  I2CRoutines.o [1]
  .bss                zero     0x200013cc     0x4  I2CRoutines.o [1]
  .bss                zero     0x200013d0     0x4  I2CRoutines.o [1]
  .bss                zero     0x200013d4     0x4  hw_config.o [1]
  .bss                zero     0x200013d8     0x4  hw_config.o [1]
  .bss                zero     0x200013dc     0x4  hw_config.o [1]
  .bss                zero     0x200013e0     0x4  uart_queue.o [1]
  .bss                zero     0x200013e4     0x4  uart_queue.o [1]
  .bss                zero     0x200013e8     0x4  uart_queue.o [1]
  .bss                zero     0x200013ec     0x4  usb_core.o [1]
  .bss                zero     0x200013f0     0x4  usb_init.o [1]
  .bss                zero     0x200013f4     0x4  usb_init.o [1]
  .bss                zero     0x200013f8     0x4  usb_init.o [1]
  .bss                zero     0x200013fc     0x4  usb_prop.o [1]
  .bss                zero     0x20001400     0x4  usb_pwr.o [1]
  .bss                zero     0x20001404     0x4  usb_pwr.o [1]
  .bss                zero     0x20001408     0x4  xgetmemchunk.o [3]
  .bss                zero     0x2000140c     0x2  board_detect.o [1]
  .bss                zero     0x2000140e     0x2  stm32f10x_it.o [1]
  .bss                zero     0x20001410     0x2  usb_endp.o [1]
  .bss                zero     0x20001412     0x2  usb_init.o [1]
  .bss                zero     0x20001414     0x2  usb_int.o [1]
  .bss                zero     0x20001416     0x2  usb_int.o [1]
  .bss                zero     0x20001418     0x2  usb_istr.o [1]
  .bss                zero     0x2000141a     0x1  I2CRoutines.o [1]
  .bss                zero     0x2000141b     0x1  main.o [1]
  .bss                zero     0x2000141c     0x1  stm32f10x_it.o [1]
  .bss                zero     0x2000141d     0x1  stm32f10x_it.o [1]
  .bss                zero     0x2000141e     0x1  stm32f10x_it.o [1]
  .bss                zero     0x2000141f     0x1  stm32f10x_it.o [1]
  .bss                zero     0x20001420     0x1  usb_core.o [1]
  .bss                zero     0x20001421     0x1  usb_init.o [1]
  .bss                zero     0x20001422     0x1  usb_istr.o [1]
                             - 0x20001423  0x1213

"P2", part 3 of 3:                          0x600
  CSTACK                       0x20001428   0x400  <Block>
    CSTACK            uninit   0x20001428   0x400  <Block tail>
  HEAP                         0x20001828   0x200  <Block>
    HEAP              uninit   0x20001828   0x200  <Block tail>
                             - 0x20001a28   0x600


*******************************************************************************
*** INIT TABLE
***

          Address     Size
          -------     ----
Zero (__iar_zero_init3)
    1 destination range, total size 0x1213:
          0x20000210  0x1213

Copy/packbits (__iar_packbits_init3)
    1 source range, total size 0x1a1 (79% of destination):
          0x08009e50   0x1a1
    1 destination range, total size 0x20f:
          0x20000000   0x20f

Extra (__iar_cstart_call_ctors)



*******************************************************************************
*** MODULE SUMMARY
***

    Module                  ro code  ro data  rw data
    ------                  -------  -------  -------
D:\zWk.Src\Mango-M32-MPU-9150\m32_Sensor_mpu9150_9Axis\project\Debug\Obj: [1]
    I2CRoutines.o             1 988             2 569
    I2Cdev.o                    440
    MPU6050.o                   424
    board_detect.o              536      322      498
    debug.o                      64       76
    hw_config.o               1 272                12
    key.o                       248
    led.o                       246
    main.o                      672      649       22
    misc.o                      296      104
    seven_segment.o             360       20
    startup_stm32f10x_md.o      460
    stm32f10x_adc.o           1 444      112
    stm32f10x_dma.o           1 580      112
    stm32f10x_exti.o            448      116
    stm32f10x_gpio.o          1 428      116
    stm32f10x_i2c.o             528      112
    stm32f10x_it.o            1 238       52        6
    stm32f10x_pwr.o             112      112
    stm32f10x_rcc.o           1 136      127       20
    stm32f10x_usart.o         1 780      116
    system_stm32f10x.o          344
    test_sensor9axis.o          690      381       17
    uart_queue.o                128               812
    usb_core.o                3 246                 5
    usb_desc.o                           327       28
    usb_endp.o                  148       36        2
    usb_init.o                   64                43
    usb_int.o                   592                 4
    usb_istr.o                  236       44       59
    usb_mem.o                   110
    usb_prop.o                  624      120      156
    usb_pwr.o                   328        1        9
    usb_regs.o                  702
    usb_sil.o                    84
    -------------------------------------------------
    Total:                   23 996    3 055    4 262

command line: [2]
    -------------------------------------------------
    Total:

dl7M_tlf.a: [3]
    abort.o                       6
    cppinit.o                    24
    div.o                        14
    dlmalloc.o                5 124               492
    exit.o                        4
    localeconv.o                108       63       80
    low_level_init.o              4
    printf.o                     36
    putchar.o                    12
    setlocale.o                  20               116
    xencoding_sb.o               92
    xfiles.o                              51      144
    xgetmemchunk.o               40                 4
    xmbcurmax.o                  10
    xmbtowc.o                    32
    xmtx.o                        8
    xmtx2.o                       4
    xprintffull.o             4 266
    xprout.o                     22
    xsyslock.o                  276                56
    xtls.o                        2
    xwctomb.o                    26
    -------------------------------------------------
    Total:                   10 130      114      892

m7M_tl.a: [4]
    DblAdd.o                    232
    DblCmpGe.o                   46
    DblCmpLe.o                   46
    DblDiv.o                    582
    DblMul.o                    418
    DblSub.o                    384
    DblToFlt.o                  144
    DblToI32.o                   88
    FltCmpLe.o                   36
    FltDiv.o                    252
    FltToDbl.o                   78
    I32ToDbl.o                   48
    xdnorm.o                     68
    xdscale.o                   282
    -------------------------------------------------
    Total:                    2 704

rt7M_tl.a: [5]
    ABImemcpy.o                 118
    I64DivMod.o                 238
    I64DivZer.o                   2
    bwt_init3c.o
    cexit.o                      14
    cmain.o                      22
    cmain_call_ctors.o           32
    cstart_clearlocks.o
    cstartup_M.o                 12
    data_init3.o                 44
    memchr.o                     88
    packbits_init3.o            160
    strchr.o                     22
    strlen.o                     54
    zero_init3.o                 34
    -------------------------------------------------
    Total:                      840

shb_l.a: [6]
    exit.o                       20
    -------------------------------------------------
    Total:                       20

    Gaps                         38
    Linker created                        48    1 536
-----------------------------------------------------
    Grand Total:             37 728    3 217    6 690


*******************************************************************************
*** ENTRY LIST
***

Entry                      Address   Size  Type      Object
-----                      -------   ----  ----      ------
?main                   0x08009b5d         Code  Gb  cmain.o [5]
ADC1_2_IRQHandler       0x08007509    0x2  Code  Gb  stm32f10x_it.o [1]
ADCPrescTable           0x20000204    0x4  Data  Lc  stm32f10x_rcc.o [1]
ADC_Cmd                 0x080065d9   0x5c  Code  Gb  stm32f10x_adc.o [1]
ADC_ConvertedValueX     0x200013d4    0x4  Data  Gb  hw_config.o [1]
ADC_ConvertedValueX_1   0x200013d8    0x4  Data  Gb  hw_config.o [1]
ADC_DMACmd              0x08006635   0x56  Code  Gb  stm32f10x_adc.o [1]
ADC_GetCalibrationStatus
                        0x0800672f   0x40  Code  Gb  stm32f10x_adc.o [1]
ADC_GetResetCalibrationStatus
                        0x080066bd   0x40  Code  Gb  stm32f10x_adc.o [1]
ADC_Init                0x0800643d  0x19c  Code  Gb  stm32f10x_adc.o [1]
ADC_RegularChannelConfig
                        0x080067cb  0x1fa  Code  Gb  stm32f10x_adc.o [1]
ADC_ResetCalibration    0x0800668b   0x32  Code  Gb  stm32f10x_adc.o [1]
ADC_SoftwareStartConvCmd
                        0x0800676f   0x5c  Code  Gb  stm32f10x_adc.o [1]
ADC_StartCalibration    0x080066fd   0x32  Code  Gb  stm32f10x_adc.o [1]
APBAHBPrescTable        0x200001d4   0x10  Data  Lc  stm32f10x_rcc.o [1]
Address                 0x2000141a    0x1  Data  Gb  I2CRoutines.o [1]
BoardClass              0x200010d4  0x174  Data  Lc  board_detect.o [1]
BoardDetectValue        0x2000140c    0x2  Data  Gb  board_detect.o [1]
BoardType               0x20000000   0x7c  Data  Gb  board_detect.o [1]
Buffer_Rx1              0x20000210  0x4e8  Data  Gb  I2CRoutines.o [1]
Buffer_Tx1              0x200006f8  0x4e8  Data  Gb  I2CRoutines.o [1]
BusFault_Handler        0x0800738f    0x2  Code  Gb  stm32f10x_it.o [1]
ByteSwap                0x0800425d   0x16  Code  Gb  usb_regs.o [1]
CAN1_RX1_IRQHandler     0x08007515    0x2  Code  Gb  stm32f10x_it.o [1]
CAN1_SCE_IRQHandler     0x08007517    0x2  Code  Gb  stm32f10x_it.o [1]
CSTACK$$Base            0x20001428          --   Gb  - Linker created -
CSTACK$$Limit           0x20001828          --   Gb  - Linker created -
CTR_LP                  0x080079cd  0x22e  Code  Gb  usb_int.o [1]
ClearDTOG_RX            0x080040e1   0x32  Code  Gb  usb_regs.o [1]
ClearDTOG_TX            0x08004113   0x32  Code  Gb  usb_regs.o [1]
Clear_Status_Out        0x080040bb   0x26  Code  Gb  usb_regs.o [1]
Config_Descriptor       0x200001ec    0x8  Data  Gb  usb_prop.o [1]
CustomHID_ConfigDescriptor
                        0x080096fc   0x2c  Data  Gb  usb_desc.o [1]
CustomHID_Data_Setup    0x08008ebb   0x84  Code  Gb  usb_prop.o [1]
CustomHID_DeviceDescriptor
                        0x08009c9c   0x14  Data  Gb  usb_desc.o [1]
CustomHID_GetConfigDescriptor
                        0x08008f71   0x10  Code  Gb  usb_prop.o [1]
CustomHID_GetDeviceDescriptor
                        0x08008f61   0x10  Code  Gb  usb_prop.o [1]
CustomHID_GetHIDDescriptor
                        0x08008fb9   0x10  Code  Gb  usb_prop.o [1]
CustomHID_GetProtocolValue
                        0x08008ff5   0x18  Code  Gb  usb_prop.o [1]
CustomHID_GetReportDescriptor
                        0x08008fa9   0x10  Code  Gb  usb_prop.o [1]
CustomHID_GetStringDescriptor
                        0x08008f81   0x26  Code  Gb  usb_prop.o [1]
CustomHID_Get_Interface_Setting
                        0x08008fc9   0x1a  Code  Gb  usb_prop.o [1]
CustomHID_Hid_Descriptor
                        0x200001fc    0x8  Data  Gb  usb_prop.o [1]
CustomHID_NoData_Setup  0x08008f3f   0x22  Code  Gb  usb_prop.o [1]
CustomHID_ReportDescriptor
                        0x0800908c   0xa4  Data  Gb  usb_desc.o [1]
CustomHID_Report_Descriptor
                        0x200001f4    0x8  Data  Gb  usb_prop.o [1]
CustomHID_Reset         0x08008de7   0xac  Code  Gb  usb_prop.o [1]
CustomHID_SetConfiguration
                        0x08008e93   0x1c  Code  Gb  usb_prop.o [1]
CustomHID_SetDeviceAddress
                        0x08008eaf    0x8  Code  Gb  usb_prop.o [1]
CustomHID_SetProtocol   0x08008fe3   0x10  Code  Gb  usb_prop.o [1]
CustomHID_Status_In     0x08008eb7    0x2  Code  Gb  usb_prop.o [1]
CustomHID_Status_Out    0x08008eb9    0x2  Code  Gb  usb_prop.o [1]
CustomHID_StringLangID  0x08009d78    0x4  Data  Gb  usb_desc.o [1]
CustomHID_StringProduct
                        0x080098b4   0x20  Data  Gb  usb_desc.o [1]
CustomHID_StringSerial  0x20000180   0x1c  Data  Gb  usb_desc.o [1]
CustomHID_StringVendor  0x08009754   0x28  Data  Gb  usb_desc.o [1]
CustomHID_init          0x08008dc9   0x1e  Code  Gb  usb_prop.o [1]
DMA1_Channel1_IRQHandler
                        0x0800749f   0x5e  Code  Gb  stm32f10x_it.o [1]
DMA1_Channel2_IRQHandler
                        0x080074fd    0x2  Code  Gb  stm32f10x_it.o [1]
DMA1_Channel3_IRQHandler
                        0x080074ff    0x2  Code  Gb  stm32f10x_it.o [1]
DMA1_Channel4_IRQHandler
                        0x08007501    0x2  Code  Gb  stm32f10x_it.o [1]
DMA1_Channel5_IRQHandler
                        0x08007503    0x2  Code  Gb  stm32f10x_it.o [1]
DMA1_Channel6_IRQHandler
                        0x08007505    0x2  Code  Gb  stm32f10x_it.o [1]
DMA1_Channel7_IRQHandler
                        0x08007507    0x2  Code  Gb  stm32f10x_it.o [1]
DMA_ClearFlag           0x08005007   0x2e  Code  Gb  stm32f10x_dma.o [1]
DMA_Cmd                 0x08004e05   0xa6  Code  Gb  stm32f10x_dma.o [1]
DMA_DeInit              0x08004aa5  0x1c0  Code  Gb  stm32f10x_dma.o [1]
DMA_GetFlagStatus       0x08004eab  0x15c  Code  Gb  stm32f10x_dma.o [1]
DMA_Init                0x08004c65  0x1a0  Code  Gb  stm32f10x_dma.o [1]
DataStageIn             0x08003891   0xca  Code  Lc  usb_core.o [1]
DataStageOut            0x080037d1   0xc0  Code  Lc  usb_core.o [1]
Data_Mul_MaxPacketSize  0x20001420    0x1  Data  Gb  usb_core.o [1]
Data_Setup0             0x08003abf  0x2d6  Code  Lc  usb_core.o [1]
DebugMon_Handler        0x08007395    0x2  Code  Gb  stm32f10x_it.o [1]
DebugMsg_FunctionError  0x08005cf3   0x12  Code  Gb  debug.o [1]
DebugMsg_FunctionStart  0x08005ce5    0xe  Code  Gb  debug.o [1]
Delay                   0x08006e37   0x14  Code  Gb  hw_config.o [1]
Device_Descriptor       0x200001e4    0x8  Data  Gb  usb_prop.o [1]
Device_Info             0x20001370   0x1c  Data  Gb  usb_init.o [1]
Device_Property         0x2000010c   0x30  Data  Gb  usb_prop.o [1]
Device_Table            0x20000208    0x4  Data  Gb  usb_prop.o [1]
EP1_IN_Callback         0x080091d1    0xa  Code  Gb  usb_endp.o [1]
EP1_OUT_Callback        0x080091db   0x78  Code  Gb  usb_endp.o [1]
EPindex                 0x20001421    0x1  Data  Gb  usb_init.o [1]
EXTI0_IRQHandler        0x080073ad   0x76  Code  Gb  stm32f10x_it.o [1]
EXTI15_10_IRQHandler    0x0800784f    0x2  Code  Gb  stm32f10x_it.o [1]
EXTI1_IRQHandler        0x08007423   0x76  Code  Gb  stm32f10x_it.o [1]
EXTI2_IRQHandler        0x08007499    0x2  Code  Gb  stm32f10x_it.o [1]
EXTI3_IRQHandler        0x0800749b    0x2  Code  Gb  stm32f10x_it.o [1]
EXTI4_IRQHandler        0x0800749d    0x2  Code  Gb  stm32f10x_it.o [1]
EXTI9_5_IRQHandler      0x08007519    0x2  Code  Gb  stm32f10x_it.o [1]
EXTI_ClearITPendingBit  0x0800734f   0x20  Code  Gb  stm32f10x_exti.o [1]
EXTI_GetITStatus        0x080072af   0xa0  Code  Gb  stm32f10x_exti.o [1]
EXTI_Init               0x080071c9   0xe6  Code  Gb  stm32f10x_exti.o [1]
Enter_LowPowerMode      0x08006c4b   0x12  Code  Gb  hw_config.o [1]
FLASH_IRQHandler        0x080073a9    0x2  Code  Gb  stm32f10x_it.o [1]
GPIO_Configuration      0x08006d89   0x50  Code  Gb  hw_config.o [1]
GPIO_EXTILineConfig     0x08005bed   0xf0  Code  Gb  stm32f10x_gpio.o [1]
GPIO_Init               0x08005751  0x1b6  Code  Gb  stm32f10x_gpio.o [1]
GPIO_ReadInputDataBit   0x08005907   0xe4  Code  Gb  stm32f10x_gpio.o [1]
GPIO_ResetBits          0x08005a4b   0x56  Code  Gb  stm32f10x_gpio.o [1]
GPIO_SetBits            0x080059eb   0x60  Code  Gb  stm32f10x_gpio.o [1]
GPIO_Write              0x08005b8b   0x44  Code  Gb  stm32f10x_gpio.o [1]
GPIO_WriteBit           0x08005aa1   0xea  Code  Gb  stm32f10x_gpio.o [1]
GetEPRxAddr             0x080041a7   0x1a  Code  Gb  usb_regs.o [1]
GetEPRxCount            0x0800422b   0x18  Code  Gb  usb_regs.o [1]
GetEPTxAddr             0x0800418d   0x1a  Code  Gb  usb_regs.o [1]
Get_SerialNum           0x08006dd9   0x5e  Code  Gb  hw_config.o [1]
HEAP$$Base              0x20001828          --   Gb  - Linker created -
HEAP$$Limit             0x20001a28          --   Gb  - Linker created -
HardFault_Handler       0x0800738b    0x2  Code  Gb  stm32f10x_it.o [1]
I2C1_ER_IRQHandler      0x0800772b   0x72  Code  Gb  stm32f10x_it.o [1]
I2C1_EV_IRQHandler      0x08007529  0x202  Code  Gb  stm32f10x_it.o [1]
I2C2_ER_IRQHandler      0x0800779f    0x2  Code  Gb  stm32f10x_it.o [1]
I2C2_EV_IRQHandler      0x0800779d    0x2  Code  Gb  stm32f10x_it.o [1]
I2CDMA_InitStructure    0x20001344   0x2c  Data  Gb  I2CRoutines.o [1]
I2CDirection            0x200013c8    0x4  Data  Gb  I2CRoutines.o [1]
I2C_DMAConfig           0x080049af   0xb6  Code  Gb  I2CRoutines.o [1]
I2C_GenerateSTOP        0x0800526d   0x58  Code  Gb  stm32f10x_i2c.o [1]
I2C_Init                0x080050d1  0x19c  Code  Gb  stm32f10x_i2c.o [1]
I2C_LowLevel_Init       0x080047f3  0x1bc  Code  Gb  I2CRoutines.o [1]
I2C_Master_BufferRead   0x080042e1  0x342  Code  Gb  I2CRoutines.o [1]
I2C_Master_BufferWrite  0x08004623  0x1d0  Code  Gb  I2CRoutines.o [1]
I2Cdev::readBits(unsigned char, unsigned char, unsigned char, unsigned char, unsigned char *, unsigned short)
                        0x08008c0f   0x68  Code  Gb  I2Cdev.o [1]
I2Cdev::readByte(unsigned char, unsigned char, unsigned char *, unsigned short)
                        0x08008c77   0x20  Code  Gb  I2Cdev.o [1]
I2Cdev::readBytes(unsigned char, unsigned char, unsigned char, unsigned char *, unsigned short)
                        0x08008c97   0x26  Code  Gb  I2Cdev.o [1]
I2Cdev::writeBit(unsigned char, unsigned char, unsigned char, unsigned char)
                        0x08008cbd   0x4e  Code  Gb  I2Cdev.o [1]
I2Cdev::writeBits(unsigned char, unsigned char, unsigned char, unsigned char, unsigned char)
                        0x08008d0b   0x70  Code  Gb  I2Cdev.o [1]
I2Cdev::writeByte(unsigned char, unsigned char, unsigned char)
                        0x08008d7b   0x18  Code  Gb  I2Cdev.o [1]
I2Cdev::writeBytes(unsigned char, unsigned char, unsigned char, unsigned char *)
                        0x08008d93   0x34  Code  Gb  I2Cdev.o [1]
In0_Process             0x08003e2b   0x68  Code  Gb  usb_core.o [1]
KEY_Initialize          0x080082a5   0xa8  Code  Gb  key.o [1]
KEY_Test                0x0800834d   0x4c  Code  Gb  key.o [1]
LED_Initialize          0x080080f3   0x28  Code  Gb  led.o [1]
LED_Off_All             0x080080a5   0x10  Code  Gb  led.o [1]
LED_Off_Blue            0x08008087    0xe  Code  Gb  led.o [1]
LED_Off_Red             0x08008053    0xe  Code  Gb  led.o [1]
LED_Off_Yellow          0x0800806d    0xc  Code  Gb  led.o [1]
LED_OnOffAll_Mult       0x080080b5   0x3e  Code  Gb  led.o [1]
LED_On_All              0x08008095   0x10  Code  Gb  led.o [1]
LED_On_Blue             0x08008079    0xe  Code  Gb  led.o [1]
LED_On_Red              0x08008045    0xe  Code  Gb  led.o [1]
LED_On_Yellow           0x08008061    0xc  Code  Gb  led.o [1]
LED_Test                0x08008121   0x1a  Code  Gb  led.o [1]
Leave_LowPowerMode      0x08006c5d   0x44  Code  Gb  hw_config.o [1]
MPU6050::MPU6050()      0x08008a51    0x6  Code  Gb  MPU6050.o [1]
MPU6050::getDeviceID()  0x08008bdb   0x1e  Code  Gb  MPU6050.o [1]
MPU6050::getMotion6(short *, short *, short *, short *, short *, short *)
                        0x08008b3b   0x72  Code  Gb  MPU6050.o [1]
MPU6050::getMotion9(short *, short *, short *, short *, short *, short *, short *, short *, short *)
                        0x08008aad   0x8e  Code  Gb  MPU6050.o [1]
MPU6050::initialize()   0x08008a57   0x26  Code  Gb  MPU6050.o [1]
MPU6050::setClockSource(unsigned char)
                        0x08008bc3   0x18  Code  Gb  MPU6050.o [1]
MPU6050::setFullScaleAccelRange(unsigned char)
                        0x08008a95   0x18  Code  Gb  MPU6050.o [1]
MPU6050::setFullScaleGyroRange(unsigned char)
                        0x08008a7d   0x18  Code  Gb  MPU6050.o [1]
MPU6050::setSleepEnabled(bool)
                        0x08008bad   0x16  Code  Gb  MPU6050.o [1]
MemManage_Handler       0x0800738d    0x2  Code  Gb  stm32f10x_it.o [1]
NMI_Handler             0x08007389    0x2  Code  Gb  stm32f10x_it.o [1]
NOP_Process             0x08003fb1    0x2  Code  Gb  usb_core.o [1]
NVIC_Configuration      0x08006adb  0x15c  Code  Gb  hw_config.o [1]
NVIC_EnableIRQ          0x080069e1   0x1a  Code  Lc  hw_config.o [1]
NVIC_Init               0x08007067   0x98  Code  Gb  misc.o [1]
NVIC_PriorityGroupConfig
                        0x08007031   0x36  Code  Gb  misc.o [1]
NVIC_SetPriority        0x080069fb   0x26  Code  Lc  hw_config.o [1]
NVIC_SetPriority        0x08007d65   0x22  Code  Lc  main.o [1]
NVIC_SetVectorTable     0x080070ff   0x34  Code  Gb  misc.o [1]
NoData_Setup0           0x0800395b  0x164  Code  Lc  usb_core.o [1]
NumbOfBytes1            0x200013cc    0x4  Data  Gb  I2CRoutines.o [1]
NumbOfBytes2            0x200013d0    0x4  Data  Gb  I2CRoutines.o [1]
Off_7_SEG_AllPin        0x08008169    0xa  Code  Gb  seven_segment.o [1]
Off_7_SEG_OnePin        0x0800815b    0xe  Code  Gb  seven_segment.o [1]
On_7_SEG_OnePin         0x0800814d    0xe  Code  Gb  seven_segment.o [1]
Out0_Process            0x08003e93   0x4e  Code  Gb  usb_core.o [1]
OutPut_7_SEG_Number     0x08008173   0x7a  Code  Gb  seven_segment.o [1]
PMAToUserBufferCopy     0x080042b3   0x2e  Code  Gb  usb_mem.o [1]
PVD_IRQHandler          0x080073a3    0x2  Code  Gb  stm32f10x_it.o [1]
PWR_EnterSTOPMode       0x08007159   0x62  Code  Gb  stm32f10x_pwr.o [1]
PendSV_Handler          0x08007397    0x2  Code  Gb  stm32f10x_it.o [1]
Post0_Process           0x08003eed   0x3c  Code  Gb  usb_core.o [1]
PowerOn                 0x08007c1d   0x32  Code  Gb  usb_pwr.o [1]
PowerOn_7_SEG           0x0800813d   0x10  Code  Gb  seven_segment.o [1]
ProtocolValue           0x200013fc    0x4  Data  Gb  usb_prop.o [1]
RCC_AHBPeriphClockCmd   0x0800551d   0x5a  Code  Gb  stm32f10x_rcc.o [1]
RCC_APB1PeriphClockCmd  0x080055c7   0x4e  Code  Gb  stm32f10x_rcc.o [1]
RCC_APB1PeriphResetCmd  0x08005615   0x4e  Code  Gb  stm32f10x_rcc.o [1]
RCC_APB2PeriphClockCmd  0x08005577   0x50  Code  Gb  stm32f10x_rcc.o [1]
RCC_Configuration       0x08006a85   0x56  Code  Gb  hw_config.o [1]
RCC_GetClocksFreq       0x0800541d  0x100  Code  Gb  stm32f10x_rcc.o [1]
RCC_GetFlagStatus       0x08005663   0x9c  Code  Gb  stm32f10x_rcc.o [1]
RCC_GetSYSCLKSource     0x080053f1    0xc  Code  Gb  stm32f10x_rcc.o [1]
RCC_HSEConfig           0x080052e1   0x76  Code  Gb  stm32f10x_rcc.o [1]
RCC_IRQHandler          0x080073ab    0x2  Code  Gb  stm32f10x_it.o [1]
RCC_PLLCmd              0x08005397   0x26  Code  Gb  stm32f10x_rcc.o [1]
RCC_SYSCLKConfig        0x080053bd   0x34  Code  Gb  stm32f10x_rcc.o [1]
RCC_USBCLKConfig        0x080053fd   0x20  Code  Gb  stm32f10x_rcc.o [1]
RCC_WaitForHSEStartUp   0x08005357   0x40  Code  Gb  stm32f10x_rcc.o [1]
RTCAlarm_IRQHandler     0x08007851    0x2  Code  Gb  stm32f10x_it.o [1]
RTC_IRQHandler          0x080073a7    0x2  Code  Gb  stm32f10x_it.o [1]
Receive_Buffer          0x20001410    0x2  Data  Gb  usb_endp.o [1]
Region$$Table$$Base     0x080097c4          --   Gb  - Linker created -
Region$$Table$$Limit    0x080097f4          --   Gb  - Linker created -
Reset_Handler           0x08009d15         Code  Wk  startup_stm32f10x_md.o [1]
Resume                  0x08007c99   0xba  Code  Gb  usb_pwr.o [1]
ResumeS                 0x20001404    0x4  Data  Gb  usb_pwr.o [1]
Resume_Init             0x08007c77   0x22  Code  Gb  usb_pwr.o [1]
Rx_Idx1                 0x2000141d    0x1  Data  Gb  stm32f10x_it.o [1]
SENSOR9AXIS_Read_Bytes  0x080085bf   0x84  Code  Gb  test_sensor9axis.o [1]
SENSOR9AXIS_Write_Bytes
                        0x08008643   0x66  Code  Gb  test_sensor9axis.o [1]
SHT$$INIT_ARRAY$$Base   0x08009e4c          --   Gb  - Linker created -
SHT$$INIT_ARRAY$$Limit  0x08009e50          --   Gb  - Linker created -
SHT$$PREINIT_ARRAY$$Base
                        0x08009e4c          --   Gb  - Linker created -
SHT$$PREINIT_ARRAY$$Limit
                        0x08009e4c          --   Gb  - Linker created -
SPI1_IRQHandler         0x080077a1    0x2  Code  Gb  stm32f10x_it.o [1]
SPI2_IRQHandler         0x080077a3    0x2  Code  Gb  stm32f10x_it.o [1]
SVC_Handler             0x08007393    0x2  Code  Gb  stm32f10x_it.o [1]
SaveRState              0x20001414    0x2  Data  Gb  usb_int.o [1]
SaveTState              0x20001416    0x2  Data  Gb  usb_int.o [1]
Send_Buffer             0x2000140e    0x2  Data  Gb  stm32f10x_it.o [1]
SetBTABLE               0x08003fb5    0xe  Code  Gb  usb_regs.o [1]
SetDeviceAddress        0x08003f29   0x48  Code  Gb  usb_core.o [1]
SetEPRxAddr             0x08004169   0x24  Code  Gb  usb_regs.o [1]
SetEPRxCount            0x080041db   0x50  Code  Gb  usb_regs.o [1]
SetEPRxStatus           0x0800401f   0x3c  Code  Gb  usb_regs.o [1]
SetEPRxValid            0x0800408b   0x30  Code  Gb  usb_regs.o [1]
SetEPTxAddr             0x08004145   0x24  Code  Gb  usb_regs.o [1]
SetEPTxCount            0x080041c1   0x1a  Code  Gb  usb_regs.o [1]
SetEPTxStatus           0x08003fe3   0x3c  Code  Gb  usb_regs.o [1]
SetEPTxValid            0x0800405b   0x30  Code  Gb  usb_regs.o [1]
SetEPType               0x08003fc3   0x20  Code  Gb  usb_regs.o [1]
SetSysClock             0x08006f2d    0x8  Code  Lc  system_stm32f10x.o [1]
SetSysClockTo72         0x08006f35   0xe0  Code  Lc  system_stm32f10x.o [1]
Set_USBClock            0x08006c37   0x14  Code  Gb  hw_config.o [1]
Setup0_Process          0x08003d95   0x96  Code  Gb  usb_core.o [1]
Seven_Segment_Initilaze
                        0x080081ed   0x28  Code  Gb  seven_segment.o [1]
Seven_Segment_Test      0x08008215   0x7c  Code  Gb  seven_segment.o [1]
Standard_ClearFeature   0x08003549  0x16e  Code  Gb  usb_core.o [1]
Standard_GetConfiguration
                        0x08003305   0x2c  Code  Gb  usb_core.o [1]
Standard_GetDescriptorData
                        0x080037a5   0x2c  Code  Gb  usb_core.o [1]
Standard_GetInterface   0x0800337f   0x2c  Code  Gb  usb_core.o [1]
Standard_GetStatus      0x0800342f  0x11a  Code  Gb  usb_core.o [1]
Standard_SetConfiguration
                        0x08003331   0x4e  Code  Gb  usb_core.o [1]
Standard_SetDeviceFeature
                        0x08003781   0x24  Code  Gb  usb_core.o [1]
Standard_SetEndPointFeature
                        0x080036b7   0xca  Code  Gb  usb_core.o [1]
Standard_SetInterface   0x080033ab   0x84  Code  Gb  usb_core.o [1]
StatusInfo              0x200013ec    0x4  Data  Gb  usb_core.o [1]
String_Descriptor       0x20000160   0x20  Data  Gb  usb_prop.o [1]
Suspend                 0x08007c4f   0x28  Code  Gb  usb_pwr.o [1]
SysTick_Config          0x08007d87   0x32  Code  Lc  main.o [1]
SysTick_Handler         0x08007399    0x8  Code  Gb  stm32f10x_it.o [1]
SystemInit              0x08006ed9   0x54  Code  Gb  system_stm32f10x.o [1]
System_Information      0x08007db9   0x40  Code  Gb  main.o [1]
TAMPER_IRQHandler       0x080073a5    0x2  Code  Gb  stm32f10x_it.o [1]
TIM1_BRK_IRQHandler     0x0800751b    0x2  Code  Gb  stm32f10x_it.o [1]
TIM1_CC_IRQHandler      0x08007521    0x2  Code  Gb  stm32f10x_it.o [1]
TIM1_TRG_COM_IRQHandler
                        0x0800751f    0x2  Code  Gb  stm32f10x_it.o [1]
TIM1_UP_IRQHandler      0x0800751d    0x2  Code  Gb  stm32f10x_it.o [1]
TIM2_IRQHandler         0x08007523    0x2  Code  Gb  stm32f10x_it.o [1]
TIM3_IRQHandler         0x08007525    0x2  Code  Gb  stm32f10x_it.o [1]
TIM4_IRQHandler         0x08007527    0x2  Code  Gb  stm32f10x_it.o [1]
Test_Sensor9Axis        0x080086eb  0x118  Code  Gb  test_sensor9axis.o [1]
TimingDelay             0x200013dc    0x4  Data  Lc  hw_config.o [1]
TimingDelay_Decrement   0x08006e4b   0x14  Code  Gb  hw_config.o [1]
Tx_Idx1                 0x2000141c    0x1  Data  Gb  stm32f10x_it.o [1]
USART1_IRQHandler       0x080077a5   0x28  Code  Gb  stm32f10x_it.o [1]
USART1_Init_forSerial   0x08006a37   0x4e  Code  Gb  hw_config.o [1]
USART2_IRQHandler       0x080077cd   0x28  Code  Gb  stm32f10x_it.o [1]
USART3_IRQHandler       0x0800784d    0x2  Code  Gb  stm32f10x_it.o [1]
USART_ClearITPendingBit
                        0x08006385   0x9e  Code  Gb  stm32f10x_usart.o [1]
USART_Cmd               0x08005f41   0x6e  Code  Gb  stm32f10x_usart.o [1]
USART_GetFlagStatus     0x08006189   0xbc  Code  Gb  stm32f10x_usart.o [1]
USART_GetITStatus       0x08006245  0x140  Code  Gb  stm32f10x_usart.o [1]
USART_ITConfig          0x08005faf  0x13e  Code  Gb  stm32f10x_usart.o [1]
USART_Init              0x08005d49  0x1f8  Code  Gb  stm32f10x_usart.o [1]
USART_ReceiveData       0x08006137   0x34  Code  Gb  stm32f10x_usart.o [1]
USART_SendData          0x080060ed   0x4a  Code  Gb  stm32f10x_usart.o [1]
USBWakeUp_IRQHandler    0x08007853    0xc  Code  Gb  stm32f10x_it.o [1]
USB_Cable_Config        0x08006d07   0x22  Code  Gb  hw_config.o [1]
USB_HP_CAN1_TX_IRQHandler
                        0x0800750b    0x2  Code  Gb  stm32f10x_it.o [1]
USB_Init                0x08008005   0x40  Code  Gb  usb_init.o [1]
USB_Initialize          0x08006d29   0x60  Code  Gb  hw_config.o [1]
USB_Interrupts_Config   0x08006ca1   0x66  Code  Gb  hw_config.o [1]
USB_Istr                0x08007861   0xec  Code  Gb  usb_istr.o [1]
USB_LP_CAN1_RX0_IRQHandler
                        0x0800750d    0x8  Code  Gb  stm32f10x_it.o [1]
USB_SIL_Init            0x08009039   0x1a  Code  Gb  usb_sil.o [1]
USB_SIL_Read            0x08009061   0x2c  Code  Gb  usb_sil.o [1]
USB_Test_Start          0x08007df9   0x10  Code  Gb  main.o [1]
UartQueue_Comm_EnQueue  0x0800795f   0x16  Code  Gb  uart_queue.o [1]
UartQueue_Serial_DeQueue
                        0x0800799f   0x18  Code  Gb  uart_queue.o [1]
UartQueue_Serial_EnQueue
                        0x08007989   0x16  Code  Gb  uart_queue.o [1]
UartQueue_Serial_Is_Empty
                        0x08007975   0x14  Code  Gb  uart_queue.o [1]
UsageFault_Handler      0x08007391    0x2  Code  Gb  stm32f10x_it.o [1]
UserToPMABufferCopy     0x08004273   0x40  Code  Gb  usb_mem.o [1]
User_Standard_Requests  0x2000013c   0x24  Data  Gb  usb_prop.o [1]
WWDG_IRQHandler         0x080073a1    0x2  Code  Gb  stm32f10x_it.o [1]
_EncodingSb_Mbtowc      0x080031d5   0x30  Code  Gb  xencoding_sb.o [3]
_EncodingSb_Wctomb      0x080031b9   0x1c  Code  Gb  xencoding_sb.o [3]
_GenldFull              0x0800247d  0x258  Code  Lc  xprintffull.o [3]
_IsdstStr               0x2000124c    0x4  Data  Gb  setlocale.o [3]
_LdtobFull              0x0800206d  0x400  Code  Lc  xprintffull.o [3]
_LitobFull              0x08001f47  0x126  Code  Lc  xprintffull.o [3]
_LocaleEncoding         0x080031a5    0xe  Code  Gb  setlocale.o [3]
_LocaleReturnString     0x2000126c   0x50  Data  Lc  setlocale.o [3]
_Locale_Profile         0x20001250   0x1c  Data  Gb  setlocale.o [3]
_Locale_lconv           0x2000007c   0x50  Data  Gb  localeconv.o [3]
_Mbtowc                 0x0800271f   0x20  Code  Gb  xmbtowc.o [3]
_PrintfFull             0x08001675  0x5e6  Code  Gb  xprintffull.o [3]
_Prout                  0x08009b8b   0x16  Code  Gb  xprout.o [3]
_PutcharsFull           0x080026d5   0x2e  Code  Lc  xprintffull.o [3]
_PutstrFull             0x08001c6d  0x2da  Code  Lc  xprintffull.o [3]
_TzoneStr               0x20001248    0x4  Data  Gb  setlocale.o [3]
_Wctomb                 0x080027f3   0x1a  Code  Gb  xwctomb.o [3]
__aeabi_cdcmple         0x080029b9         Code  Gb  DblCmpLe.o [4]
__aeabi_cdrcmple        0x080029e9         Code  Gb  DblCmpGe.o [4]
__aeabi_cfcmple         0x08008a2d         Code  Gb  FltCmpLe.o [4]
__aeabi_d2f             0x08008851         Code  Gb  DblToFlt.o [4]
__aeabi_d2iz            0x08002b35         Code  Gb  DblToI32.o [4]
__aeabi_d2uiz           0x08002b61         Code  Gb  DblToI32.o [4]
__aeabi_dadd            0x08003219         Code  Gb  DblAdd.o [4]
__aeabi_ddiv            0x08002ee1         Code  Gb  DblDiv.o [4]
__aeabi_dmul            0x08002d3d         Code  Gb  DblMul.o [4]
__aeabi_dsub            0x08002bbd         Code  Gb  DblSub.o [4]
__aeabi_f2d             0x080088e1         Code  Gb  FltToDbl.o [4]
__aeabi_fdiv            0x08008931         Code  Gb  FltDiv.o [4]
__aeabi_i2d             0x08002b8d         Code  Gb  I32ToDbl.o [4]
__aeabi_ldiv0           0x08003215         Code  Gb  I64DivZer.o [5]
__aeabi_memcpy          0x0800280d         Code  Gb  ABImemcpy.o [5]
__aeabi_memcpy4         0x0800282d         Code  Gb  ABImemcpy.o [5]
__aeabi_memcpy8         0x0800282d         Code  Gb  ABImemcpy.o [5]
__aeabi_ui2d            0x08002ba1         Code  Gb  I32ToDbl.o [4]
__aeabi_uldivmod        0x08002885         Code  Gb  I64DivMod.o [5]
__call_ctors            0x080098f5   0x18  Code  Gb  cppinit.o [3]
__cexit_clearlocks      0x08009b7f         Code  Gb  cexit.o [5]
__cmain                 0x08009b5d         Code  Gb  cmain.o [5]
__cstart_clearlocks     0x08009e50         Data  Gb  cstart_clearlocks.o [5]
__data_GetMemChunk      0x08001519   0x28  Code  Gb  xgetmemchunk.o [3]
__exit                  0x08001655   0x14  Code  Gb  exit.o [6]
__iar_Dnorm             0x08002973   0x44  Code  Gb  xdnorm.o [4]
__iar_Dscale            0x08002a19  0x106  Code  Gb  xdscale.o [4]
__iar_Locale_lconv_init
                        0x08003129   0x3a  Code  Gb  localeconv.o [3]
__iar_Locksyslock       0x080015b5   0x88  Code  Gb  xsyslock.o [3]
__iar_Mbcurmax          0x080027e9    0xa  Code  Gb  xmbcurmax.o [3]
__iar_Memchr            0x08002791         Code  Gb  memchr.o [5]
__iar_SB                0x08009e50         Data  Gb  bwt_init3c.o [5]
__iar_Stdout            0x200000cc   0x40  Data  Gb  xfiles.o [3]
__iar_Strchr            0x08002741         Code  Gb  strchr.o [5]
__iar_Unlocksyslock     0x0800163d   0x12  Code  Gb  xsyslock.o [3]
__iar_clearlocks        0x08001541   0x74  Code  Gb  xsyslock.o [3]
__iar_cstart_call_ctors
                        0x080098d5   0x20  Code  Gb  cmain_call_ctors.o [5]
__iar_d2uiz             0x08002b6d         Code  Gb  DblToI32.o [4]
__iar_dadd              0x0800322d         Code  Gb  DblAdd.o [4]
__iar_data_init3        0x08009729   0x2c  Code  Gb  data_init3.o [5]
__iar_dlfree            0x08000ff9  0x4f0  Code  Gb  dlmalloc.o [3]
__iar_dlib_perthread_access
                        0x08003301    0x2  Code  Gb  xtls.o [3]
__iar_dlmalloc          0x08000d4d  0x2ac  Code  Gb  dlmalloc.o [3]
__iar_dsub              0x08002bd1         Code  Gb  DblSub.o [4]
__iar_dsubStart         0x08002be3         Code  Gb  DblSub.o [4]
__iar_file_Mtxdst       0x0800166b    0x2  Code  Gb  xmtx2.o [3]
__iar_file_Mtxinit      0x08001669    0x2  Code  Gb  xmtx2.o [3]
__iar_packbits_init3    0x08009131   0xa0  Code  Gb  packbits_init3.o [5]
__iar_program_start     0x08009d55         Code  Gb  cstartup_M.o [5]
__iar_system_Mtxdst     0x0800166f    0x2  Code  Gb  xmtx.o [3]
__iar_system_Mtxinit    0x0800166d    0x2  Code  Gb  xmtx.o [3]
__iar_system_Mtxlock    0x08001671    0x2  Code  Gb  xmtx.o [3]
__iar_system_Mtxunlock  0x08001673    0x2  Code  Gb  xmtx.o [3]
__iar_ui2d              0x08002ba5         Code  Gb  I32ToDbl.o [4]
__iar_zero_init3        0x080014f7   0x22  Code  Gb  zero_init3.o [5]
__low_level_init        0x08009b73    0x4  Code  Gb  low_level_init.o [3]
__sti__routine          0x080085b5    0xa  Code  Lc  test_sensor9axis.o [1]
__vector_table          0x08000000         Data  Gb  startup_stm32f10x_md.o [1]
_call_main              0x08009b69         Code  Gb  cmain.o [5]
_exit                   0x08009b7d         Code  Gb  cexit.o [5]
_gm_                    0x20000be0  0x1d4  Data  Lc  dlmalloc.o [3]
_main                   0x08009b6f         Code  Gb  cmain.o [5]
abort                   0x080014f1    0x6  Code  Gb  abort.o [3]
add_segment             0x08000473  0x1fa  Code  Lc  dlmalloc.o [3]
assert_failed           0x08005d05   0x12  Code  Gb  debug.o [1]
bDeviceState            0x20001400    0x4  Data  Gb  usb_pwr.o [1]
bIntPackSOF             0x20001422    0x1  Data  Gb  usb_istr.o [1]
board_detect            0x0800839d   0xe0  Code  Gb  board_detect.o [1]
board_detect_initialzie
                        0x0800847d   0xf8  Code  Gb  board_detect.o [1]
delay_100_milli_second  0x08006a2d    0xa  Code  Gb  hw_config.o [1]
delay_1_second          0x08006a21    0xc  Code  Gb  hw_config.o [1]
div                     0x08003195    0xe  Code  Gb  div.o [3]
exit                    0x08009b77    0x4  Code  Gb  exit.o [3]
fSuspendEnabled         0x2000020e    0x1  Data  Gb  usb_pwr.o [1]
file_mtx                0x20001310   0x20  Data  Lc  xsyslock.o [3]
fputc                   0x08006e5f   0x44  Code  Gb  hw_config.o [1]
g_MPU_9150              0x200013b8   0x10  Data  Gb  test_sensor9axis.o [1]
g_TestProcessState      0x2000141b    0x1  Data  Gb  main.o [1]
g_print_menu_control_flag
                        0x2000020c    0x1  Data  Lc  main.o [1]
g_print_menu_control_flag
                        0x2000020d    0x1  Data  Lc  test_sensor9axis.o [1]
init_mparams            0x080000ed   0x34  Code  Lc  dlmalloc.o [3]
init_top                0x08000121   0x36  Code  Lc  dlmalloc.o [3]
localeconv              0x08003163   0x16  Code  Gb  localeconv.o [3]
main                    0x08007e69  0x108  Code  Gb  main.o [1]
memchr                  0x08002791         Code  Gb  memchr.o [5]
memcpy                  0x08008bf9   0x16  Code  Gb  test_sensor9axis.o [1]
mparams                 0x2000138c   0x18  Data  Lc  dlmalloc.o [3]
mtx                     0x20001330   0x14  Data  Lc  xsyslock.o [3]
obuf                    0x200012bc   0x50  Data  Lc  xfiles.o [3]
pEpInt_IN               0x2000019c   0x1c  Data  Gb  usb_istr.o [1]
pEpInt_OUT              0x200001b8   0x1c  Data  Gb  usb_istr.o [1]
pInformation            0x200013f0    0x4  Data  Gb  usb_init.o [1]
pProperty               0x200013f4    0x4  Data  Gb  usb_init.o [1]
pUser_Standard_Requests
                        0x200013f8    0x4  Data  Gb  usb_init.o [1]
prepend_alloc           0x08000157  0x31c  Code  Lc  dlmalloc.o [3]
print_menu_command      0x08007e09   0x60  Code  Lc  main.o [1]
print_menu_command()    0x080086a9   0x42  Code  Lc  test_sensor9axis.o [1]
printf                  0x08005d25   0x24  Code  Gb  printf.o [3]
putchar                 0x08009ba1    0xc  Code  Gb  putchar.o [3]
rcc_clocks              0x200013a4   0x14  Data  Gb  main.o [1]
strchr                  0x08002741         Code  Gb  strchr.o [5]
strlen                  0x08002759         Code  Gb  strlen.o [5]
sys_alloc               0x08000673  0x13c  Code  Lc  dlmalloc.o [3]
syslock_o               0x2000130c    0x4  Data  Lc  xsyslock.o [3]
tmalloc_large           0x080007af  0x392  Code  Lc  dlmalloc.o [3]
tmalloc_small           0x08000b41  0x200  Code  Lc  dlmalloc.o [3]
toggle_data_key1        0x2000141e    0x1  Data  Lc  stm32f10x_it.o [1]
toggle_data_key2        0x2000141f    0x1  Data  Lc  stm32f10x_it.o [1]
uart_queue_comm_buffer  0x20000db4  0x190  Data  Gb  uart_queue.o [1]
uart_queue_comm_point_head
                        0x200013e0    0x4  Data  Gb  uart_queue.o [1]
uart_queue_increase_point_value
                        0x0800794d   0x12  Code  Lc  uart_queue.o [1]
uart_queue_serial_buffer
                        0x20000f44  0x190  Data  Gb  uart_queue.o [1]
uart_queue_serial_point_head
                        0x200013e4    0x4  Data  Gb  uart_queue.o [1]
uart_queue_serial_point_tail
                        0x200013e8    0x4  Data  Gb  uart_queue.o [1]
wInterrupt_Mask         0x20001412    0x2  Data  Gb  usb_init.o [1]
wIstr                   0x20001418    0x2  Data  Gb  usb_istr.o [1]


[1] = D:\zWk.Src\Mango-M32-MPU-9150\m32_Sensor_mpu9150_9Axis\project\Debug\Obj
[2] = command line
[3] = dl7M_tlf.a
[4] = m7M_tl.a
[5] = rt7M_tl.a
[6] = shb_l.a

  37 728 bytes of readonly  code memory
   3 217 bytes of readonly  data memory
   6 690 bytes of readwrite data memory

Errors: none
Warnings: none
